got an unexpected keyword argument 'icon'
  + Exception Group Traceback (most recent call last):
  |   File "C:\Users\miche\AppData\Local\Programs\Python\Python313\Lib\site-packages\starlette\_utils.py", line 85, in create_collapsing_task_group
  |     async with anyio.create_task_group() as tg:
  |                ~~~~~~~~~~~~~~~~~~~~~~~^^
  |   File "C:\Users\miche\AppData\Local\Programs\Python\Python313\Lib\site-packages\anyio\_backends\_asyncio.py", line 815, in __aexit__
  |     raise BaseExceptionGroup(
  |         "unhandled errors in a TaskGroup", self._exceptions
  |     ) from None
  | ExceptionGroup: unhandled errors in a TaskGroup (1 sub-exception)
  +-+---------------- 1 ----------------
    | Traceback (most recent call last):
    |   File "C:\Users\miche\AppData\Local\Programs\Python\Python313\Lib\site-packages\starlette\middleware\errors.py", line 164, in __call__
    |     await self.app(scope, receive, _send)
    |   File "C:\Users\miche\AppData\Local\Programs\Python\Python313\Lib\site-packages\starlette\middleware\sessions.py", line 88, in __call__
    |     await self.app(scope, receive, send_wrapper)
    |   File "C:\Users\miche\AppData\Local\Programs\Python\Python313\Lib\site-packages\starlette\middleware\base.py", line 193, in __call__
    |     response = await self.dispatch_func(request, call_next)
    |                ^^^^^^^^^^^^^^^^^^^^^^^^^^^^^^^^^^^^^^^^^^^^
    |   File "C:\Users\miche\AppData\Local\Programs\Python\Python313\Lib\site-packages\nicegui\storage.py", line 44, in dispatch
    |     response = await call_next(request)
    |                ^^^^^^^^^^^^^^^^^^^^^^^^
    |   File "C:\Users\miche\AppData\Local\Programs\Python\Python313\Lib\site-packages\starlette\middleware\base.py", line 168, in call_next
    |     raise app_exc from app_exc.__cause__ or app_exc.__context__
    |   File "C:\Users\miche\AppData\Local\Programs\Python\Python313\Lib\site-packages\starlette\middleware\base.py", line 144, in coro
    |     await self.app(scope, receive_or_disconnect, send_no_error)
    |   File "C:\Users\miche\AppData\Local\Programs\Python\Python313\Lib\site-packages\starlette\middleware\base.py", line 193, in __call__
    |     response = await self.dispatch_func(request, call_next)
    |                ^^^^^^^^^^^^^^^^^^^^^^^^^^^^^^^^^^^^^^^^^^^^
    |   File "C:\Users\miche\AppData\Local\Programs\Python\Python313\Lib\site-packages\nicegui\middlewares.py", line 23, in dispatch
    |     response = await call_next(request)
    |                ^^^^^^^^^^^^^^^^^^^^^^^^
    |   File "C:\Users\miche\AppData\Local\Programs\Python\Python313\Lib\site-packages\starlette\middleware\base.py", line 168, in call_next
    |     raise app_exc from app_exc.__cause__ or app_exc.__context__
    |   File "C:\Users\miche\AppData\Local\Programs\Python\Python313\Lib\site-packages\starlette\middleware\base.py", line 144, in coro
    |     await self.app(scope, receive_or_disconnect, send_no_error)
    |   File "C:\Users\miche\AppData\Local\Programs\Python\Python313\Lib\site-packages\starlette\middleware\base.py", line 193, in __call__
    |     response = await self.dispatch_func(request, call_next)
    |                ^^^^^^^^^^^^^^^^^^^^^^^^^^^^^^^^^^^^^^^^^^^^
    |   File "C:\Users\miche\AppData\Local\Programs\Python\Python313\Lib\site-packages\nicegui\middlewares.py", line 13, in dispatch
    |     response = await call_next(request)
    |                ^^^^^^^^^^^^^^^^^^^^^^^^
    |   File "C:\Users\miche\AppData\Local\Programs\Python\Python313\Lib\site-packages\starlette\middleware\base.py", line 168, in call_next
    |     raise app_exc from app_exc.__cause__ or app_exc.__context__
    |   File "C:\Users\miche\AppData\Local\Programs\Python\Python313\Lib\site-packages\starlette\middleware\base.py", line 144, in coro
    |     await self.app(scope, receive_or_disconnect, send_no_error)
    |   File "C:\Users\miche\AppData\Local\Programs\Python\Python313\Lib\site-packages\starlette\middleware\gzip.py", line 78, in __call__
    |     await responder(scope, receive, send)
    |   File "C:\Users\miche\AppData\Local\Programs\Python\Python313\Lib\site-packages\starlette\middleware\gzip.py", line 103, in __call__
    |     await self.app(scope, receive, self.send_with_compression)
    |   File "C:\Users\miche\AppData\Local\Programs\Python\Python313\Lib\site-packages\starlette\middleware\exceptions.py", line 63, in __call__
    |     await wrap_app_handling_exceptions(self.app, conn)(scope, receive, send)
    |   File "C:\Users\miche\AppData\Local\Programs\Python\Python313\Lib\site-packages\starlette\_exception_handler.py", line 53, in wrapped_app
    |     raise exc
    |   File "C:\Users\miche\AppData\Local\Programs\Python\Python313\Lib\site-packages\starlette\_exception_handler.py", line 42, in wrapped_app
    |     await app(scope, receive, sender)
    |   File "C:\Users\miche\AppData\Local\Programs\Python\Python313\Lib\site-packages\fastapi\middleware\asyncexitstack.py", line 18, in __call__
    |     await self.app(scope, receive, send)
    |   File "C:\Users\miche\AppData\Local\Programs\Python\Python313\Lib\site-packages\starlette\routing.py", line 670, in __call__
    |     await self.middleware_stack(scope, receive, send)
    |   File "C:\Users\miche\AppData\Local\Programs\Python\Python313\Lib\site-packages\fastapi\routing.py", line 2734, in app
    |     await route.handle(scope, receive, send)
    |   File "C:\Users\miche\AppData\Local\Programs\Python\Python313\Lib\site-packages\fastapi\routing.py", line 1281, in handle
    |     await super().handle(scope, receive, send)
    |   File "C:\Users\miche\AppData\Local\Programs\Python\Python313\Lib\site-packages\starlette\routing.py", line 280, in handle
    |     await self.app(scope, receive, send)
    |   File "C:\Users\miche\AppData\Local\Programs\Python\Python313\Lib\site-packages\fastapi\routing.py", line 158, in app
    |     await wrap_app_handling_exceptions(app, request)(scope, receive, send)
    |   File "C:\Users\miche\AppData\Local\Programs\Python\Python313\Lib\site-packages\starlette\_exception_handler.py", line 53, in wrapped_app
    |     raise exc
    |   File "C:\Users\miche\AppData\Local\Programs\Python\Python313\Lib\site-packages\starlette\_exception_handler.py", line 42, in wrapped_app
    |     await app(scope, receive, sender)
    |   File "C:\Users\miche\AppData\Local\Programs\Python\Python313\Lib\site-packages\fastapi\routing.py", line 144, in app
    |     response = await f(request)
    |                ^^^^^^^^^^^^^^^^
    |   File "C:\Users\miche\AppData\Local\Programs\Python\Python313\Lib\site-packages\fastapi\routing.py", line 706, in app
    |     raw_response = await run_endpoint_function(
    |                    ^^^^^^^^^^^^^^^^^^^^^^^^^^^^
    |     ...<3 lines>...
    |     )
    |     ^
    |   File "C:\Users\miche\AppData\Local\Programs\Python\Python313\Lib\site-packages\fastapi\routing.py", line 352, in run_endpoint_function
    |     return await dependant.call(**values)
    |            ^^^^^^^^^^^^^^^^^^^^^^^^^^^^^^
    |   File "C:\Users\miche\AppData\Local\Programs\Python\Python313\Lib\site-packages\nicegui\page.py", line 173, in decorated
    |     return create_500_error_page(e, request)
    |   File "C:\Users\miche\AppData\Local\Programs\Python\Python313\Lib\site-packages\nicegui\page.py", line 142, in create_500_error_page
    |     raise e
    |   File "C:\Users\miche\AppData\Local\Programs\Python\Python313\Lib\site-packages\nicegui\page.py", line 171, in decorated
    |     result = func(*dec_args, **dec_kwargs)
    |   File "C:\Users\miche\Downloads\SRM_Estudiantes\SRM_completo\app.py", line 265, in alumnos_page
    |     if guard(): alumnos_view()
    |                 ~~~~~~~~~~~~^^
    |   File "C:\Users\miche\Downloads\SRM_Estudiantes\SRM_completo\app.py", line 175, in alumnos_view
    |     buscador = ui.input("Buscar por DNI, nombre o apellido", icon="search").classes("w-full mt-4")
    |                ~~~~~~~~^^^^^^^^^^^^^^^^^^^^^^^^^^^^^^^^^^^^^^^^^^^^^^^^^^^^
    |   File "C:\Users\miche\AppData\Local\Programs\Python\Python313\Lib\site-packages\nicegui\defaults.py", line 55, in decorated
    |     bound = signature.bind(*args, **kwargs)
    |   File "C:\Users\miche\AppData\Local\Programs\Python\Python313\Lib\inspect.py", line 3295, in bind
    |     return self._bind(args, kwargs)
    |            ~~~~~~~~~~^^^^^^^^^^^^^^
    |   File "C:\Users\miche\AppData\Local\Programs\Python\Python313\Lib\inspect.py", line 3284, in _bind
    |     raise TypeError(
    |         'got an unexpected keyword argument {arg!r}'.format(
    |             arg=next(iter(kwargs))))
    | TypeError: got an unexpected keyword argument 'icon'
    +------------------------------------

The above exception was the direct cause of the following exception:

Traceback (most recent call last):
  File "C:\Users\miche\AppData\Local\Programs\Python\Python313\Lib\site-packages\starlette\middleware\errors.py", line 164, in __call__
    await self.app(scope, receive, _send)
  File "C:\Users\miche\AppData\Local\Programs\Python\Python313\Lib\site-packages\starlette\middleware\sessions.py", line 88, in __call__
    await self.app(scope, receive, send_wrapper)
  File "C:\Users\miche\AppData\Local\Programs\Python\Python313\Lib\site-packages\starlette\middleware\base.py", line 193, in __call__
    response = await self.dispatch_func(request, call_next)
               ^^^^^^^^^^^^^^^^^^^^^^^^^^^^^^^^^^^^^^^^^^^^
  File "C:\Users\miche\AppData\Local\Programs\Python\Python313\Lib\site-packages\nicegui\storage.py", line 44, in dispatch
    response = await call_next(request)
               ^^^^^^^^^^^^^^^^^^^^^^^^
  File "C:\Users\miche\AppData\Local\Programs\Python\Python313\Lib\site-packages\starlette\middleware\base.py", line 168, in call_next
    raise app_exc from app_exc.__cause__ or app_exc.__context__
  File "C:\Users\miche\AppData\Local\Programs\Python\Python313\Lib\site-packages\starlette\middleware\base.py", line 144, in coro
    await self.app(scope, receive_or_disconnect, send_no_error)
  File "C:\Users\miche\AppData\Local\Programs\Python\Python313\Lib\site-packages\starlette\middleware\base.py", line 193, in __call__
    response = await self.dispatch_func(request, call_next)
               ^^^^^^^^^^^^^^^^^^^^^^^^^^^^^^^^^^^^^^^^^^^^
  File "C:\Users\miche\AppData\Local\Programs\Python\Python313\Lib\site-packages\nicegui\middlewares.py", line 23, in dispatch
    response = await call_next(request)
               ^^^^^^^^^^^^^^^^^^^^^^^^
  File "C:\Users\miche\AppData\Local\Programs\Python\Python313\Lib\site-packages\starlette\middleware\base.py", line 168, in call_next
    raise app_exc from app_exc.__cause__ or app_exc.__context__
  File "C:\Users\miche\AppData\Local\Programs\Python\Python313\Lib\site-packages\starlette\middleware\base.py", line 144, in coro
    await self.app(scope, receive_or_disconnect, send_no_error)
  File "C:\Users\miche\AppData\Local\Programs\Python\Python313\Lib\site-packages\starlette\middleware\base.py", line 193, in __call__
    response = await self.dispatch_func(request, call_next)
               ^^^^^^^^^^^^^^^^^^^^^^^^^^^^^^^^^^^^^^^^^^^^
  File "C:\Users\miche\AppData\Local\Programs\Python\Python313\Lib\site-packages\nicegui\middlewares.py", line 13, in dispatch
    response = await call_next(request)
               ^^^^^^^^^^^^^^^^^^^^^^^^
  File "C:\Users\miche\AppData\Local\Programs\Python\Python313\Lib\site-packages\starlette\middleware\base.py", line 168, in call_next
    raise app_exc from app_exc.__cause__ or app_exc.__context__
  File "C:\Users\miche\AppData\Local\Programs\Python\Python313\Lib\site-packages\starlette\middleware\base.py", line 144, in coro
    await self.app(scope, receive_or_disconnect, send_no_error)
  File "C:\Users\miche\AppData\Local\Programs\Python\Python313\Lib\site-packages\starlette\middleware\gzip.py", line 78, in __call__
    await responder(scope, receive, send)
  File "C:\Users\miche\AppData\Local\Programs\Python\Python313\Lib\site-packages\starlette\middleware\gzip.py", line 103, in __call__
    await self.app(scope, receive, self.send_with_compression)
  File "C:\Users\miche\AppData\Local\Programs\Python\Python313\Lib\site-packages\starlette\middleware\exceptions.py", line 63, in __call__
    await wrap_app_handling_exceptions(self.app, conn)(scope, receive, send)
  File "C:\Users\miche\AppData\Local\Programs\Python\Python313\Lib\site-packages\starlette\_exception_handler.py", line 53, in wrapped_app
    raise exc
  File "C:\Users\miche\AppData\Local\Programs\Python\Python313\Lib\site-packages\starlette\_exception_handler.py", line 42, in wrapped_app
    await app(scope, receive, sender)
  File "C:\Users\miche\AppData\Local\Programs\Python\Python313\Lib\site-packages\fastapi\middleware\asyncexitstack.py", line 18, in __call__
    await self.app(scope, receive, send)
  File "C:\Users\miche\AppData\Local\Programs\Python\Python313\Lib\site-packages\starlette\routing.py", line 670, in __call__
    await self.middleware_stack(scope, receive, send)
  File "C:\Users\miche\AppData\Local\Programs\Python\Python313\Lib\site-packages\fastapi\routing.py", line 2734, in app
    await route.handle(scope, receive, send)
  File "C:\Users\miche\AppData\Local\Programs\Python\Python313\Lib\site-packages\fastapi\routing.py", line 1281, in handle
    await super().handle(scope, receive, send)
  File "C:\Users\miche\AppData\Local\Programs\Python\Python313\Lib\site-packages\starlette\routing.py", line 280, in handle
    await self.app(scope, receive, send)
  File "C:\Users\miche\AppData\Local\Programs\Python\Python313\Lib\site-packages\fastapi\routing.py", line 158, in app
    await wrap_app_handling_exceptions(app, request)(scope, receive, send)
  File "C:\Users\miche\AppData\Local\Programs\Python\Python313\Lib\site-packages\starlette\_exception_handler.py", line 53, in wrapped_app
    raise exc
  File "C:\Users\miche\AppData\Local\Programs\Python\Python313\Lib\site-packages\starlette\_exception_handler.py", line 42, in wrapped_app
    await app(scope, receive, sender)
  File "C:\Users\miche\AppData\Local\Programs\Python\Python313\Lib\site-packages\fastapi\routing.py", line 144, in app
    response = await f(request)
               ^^^^^^^^^^^^^^^^
  File "C:\Users\miche\AppData\Local\Programs\Python\Python313\Lib\site-packages\fastapi\routing.py", line 706, in app
    raw_response = await run_endpoint_function(
                   ^^^^^^^^^^^^^^^^^^^^^^^^^^^^
    ...<3 lines>...
    )
    ^
  File "C:\Users\miche\AppData\Local\Programs\Python\Python313\Lib\site-packages\fastapi\routing.py", line 352, in run_endpoint_function
    return await dependant.call(**values)
           ^^^^^^^^^^^^^^^^^^^^^^^^^^^^^^
  File "C:\Users\miche\AppData\Local\Programs\Python\Python313\Lib\site-packages\nicegui\page.py", line 173, in decorated
    return create_500_error_page(e, request)
  File "C:\Users\miche\AppData\Local\Programs\Python\Python313\Lib\site-packages\nicegui\page.py", line 142, in create_500_error_page
    raise e
  File "C:\Users\miche\AppData\Local\Programs\Python\Python313\Lib\site-packages\nicegui\page.py", line 171, in decorated
    result = func(*dec_args, **dec_kwargs)
  File "C:\Users\miche\Downloads\SRM_Estudiantes\SRM_completo\app.py", line 265, in alumnos_page
    if guard(): alumnos_view()
                ~~~~~~~~~~~~^^
  File "C:\Users\miche\Downloads\SRM_Estudiantes\SRM_completo\app.py", line 175, in alumnos_view
    buscador = ui.input("Buscar por DNI, nombre o apellido", icon="search").classes("w-full mt-4")
               ~~~~~~~~^^^^^^^^^^^^^^^^^^^^^^^^^^^^^^^^^^^^^^^^^^^^^^^^^^^^
  File "C:\Users\miche\AppData\Local\Programs\Python\Python313\Lib\site-packages\nicegui\defaults.py", line 55, in decorated
    bound = signature.bind(*args, **kwargs)
  File "C:\Users\miche\AppData\Local\Programs\Python\Python313\Lib\inspect.py", line 3295, in bind
    return self._bind(args, kwargs)
           ~~~~~~~~~~^^^^^^^^^^^^^^
  File "C:\Users\miche\AppData\Local\Programs\Python\Python313\Lib\inspect.py", line 3284, in _bind
    raise TypeError(
        'got an unexpected keyword argument {arg!r}'.format(
            arg=next(iter(kwargs))))
TypeError: got an unexpected keyword argument 'icon'
ERROR:    Exception in ASGI application
  + Exception Group Traceback (most recent call last):
  |   File "C:\Users\miche\AppData\Local\Programs\Python\Python313\Lib\site-packages\starlette\_utils.py", line 85, in create_collapsing_task_group
  |     async with anyio.create_task_group() as tg:
  |                ~~~~~~~~~~~~~~~~~~~~~~~^^
  |   File "C:\Users\miche\AppData\Local\Programs\Python\Python313\Lib\site-packages\anyio\_backends\_asyncio.py", line 815, in __aexit__
  |     raise BaseExceptionGroup(
  |         "unhandled errors in a TaskGroup", self._exceptions
  |     ) from None
  | ExceptionGroup: unhandled errors in a TaskGroup (1 sub-exception)
  +-+---------------- 1 ----------------
    | Traceback (most recent call last):
    |   File "C:\Users\miche\AppData\Local\Programs\Python\Python313\Lib\site-packages\uvicorn\protocols\http\httptools_impl.py", line 422, in run_asgi
    |     result = await app(  # type: ignore[func-returns-value]
    |              ^^^^^^^^^^^^^^^^^^^^^^^^^^^^^^^^^^^^^^^^^^^^^^
    |         self.scope, self.receive, self.send
    |         ^^^^^^^^^^^^^^^^^^^^^^^^^^^^^^^^^^^
    |     )
    |     ^
    |   File "C:\Users\miche\AppData\Local\Programs\Python\Python313\Lib\site-packages\uvicorn\middleware\proxy_headers.py", line 63, in __call__
    |     return await self.app(scope, receive, send)
    |            ^^^^^^^^^^^^^^^^^^^^^^^^^^^^^^^^^^^^
    |   File "C:\Users\miche\AppData\Local\Programs\Python\Python313\Lib\site-packages\fastapi\applications.py", line 1163, in __call__
    |     await super().__call__(scope, receive, send)
    |   File "C:\Users\miche\AppData\Local\Programs\Python\Python313\Lib\site-packages\starlette\applications.py", line 96, in __call__
    |     await self.middleware_stack(scope, receive, send)
    |   File "C:\Users\miche\AppData\Local\Programs\Python\Python313\Lib\site-packages\starlette\middleware\errors.py", line 186, in __call__
    |     raise exc
    |   File "C:\Users\miche\AppData\Local\Programs\Python\Python313\Lib\site-packages\starlette\middleware\errors.py", line 164, in __call__
    |     await self.app(scope, receive, _send)
    |   File "C:\Users\miche\AppData\Local\Programs\Python\Python313\Lib\site-packages\starlette\middleware\sessions.py", line 88, in __call__
    |     await self.app(scope, receive, send_wrapper)
    |   File "C:\Users\miche\AppData\Local\Programs\Python\Python313\Lib\site-packages\starlette\middleware\base.py", line 193, in __call__
    |     response = await self.dispatch_func(request, call_next)
    |                ^^^^^^^^^^^^^^^^^^^^^^^^^^^^^^^^^^^^^^^^^^^^
    |   File "C:\Users\miche\AppData\Local\Programs\Python\Python313\Lib\site-packages\nicegui\storage.py", line 44, in dispatch
    |     response = await call_next(request)
    |                ^^^^^^^^^^^^^^^^^^^^^^^^
    |   File "C:\Users\miche\AppData\Local\Programs\Python\Python313\Lib\site-packages\starlette\middleware\base.py", line 168, in call_next
    |     raise app_exc from app_exc.__cause__ or app_exc.__context__
    |   File "C:\Users\miche\AppData\Local\Programs\Python\Python313\Lib\site-packages\starlette\middleware\base.py", line 144, in coro
    |     await self.app(scope, receive_or_disconnect, send_no_error)
    |   File "C:\Users\miche\AppData\Local\Programs\Python\Python313\Lib\site-packages\starlette\middleware\base.py", line 193, in __call__
    |     response = await self.dispatch_func(request, call_next)
    |                ^^^^^^^^^^^^^^^^^^^^^^^^^^^^^^^^^^^^^^^^^^^^
    |   File "C:\Users\miche\AppData\Local\Programs\Python\Python313\Lib\site-packages\nicegui\middlewares.py", line 23, in dispatch
    |     response = await call_next(request)
    |                ^^^^^^^^^^^^^^^^^^^^^^^^
    |   File "C:\Users\miche\AppData\Local\Programs\Python\Python313\Lib\site-packages\starlette\middleware\base.py", line 168, in call_next
    |     raise app_exc from app_exc.__cause__ or app_exc.__context__
    |   File "C:\Users\miche\AppData\Local\Programs\Python\Python313\Lib\site-packages\starlette\middleware\base.py", line 144, in coro
    |     await self.app(scope, receive_or_disconnect, send_no_error)
    |   File "C:\Users\miche\AppData\Local\Programs\Python\Python313\Lib\site-packages\starlette\middleware\base.py", line 193, in __call__
    |     response = await self.dispatch_func(request, call_next)
    |                ^^^^^^^^^^^^^^^^^^^^^^^^^^^^^^^^^^^^^^^^^^^^
    |   File "C:\Users\miche\AppData\Local\Programs\Python\Python313\Lib\site-packages\nicegui\middlewares.py", line 13, in dispatch
    |     response = await call_next(request)
    |                ^^^^^^^^^^^^^^^^^^^^^^^^
    |   File "C:\Users\miche\AppData\Local\Programs\Python\Python313\Lib\site-packages\starlette\middleware\base.py", line 168, in call_next
    |     raise app_exc from app_exc.__cause__ or app_exc.__context__
    |   File "C:\Users\miche\AppData\Local\Programs\Python\Python313\Lib\site-packages\starlette\middleware\base.py", line 144, in coro
    |     await self.app(scope, receive_or_disconnect, send_no_error)
    |   File "C:\Users\miche\AppData\Local\Programs\Python\Python313\Lib\site-packages\starlette\middleware\gzip.py", line 78, in __call__
    |     await responder(scope, receive, send)
    |   File "C:\Users\miche\AppData\Local\Programs\Python\Python313\Lib\site-packages\starlette\middleware\gzip.py", line 103, in __call__
    |     await self.app(scope, receive, self.send_with_compression)
    |   File "C:\Users\miche\AppData\Local\Programs\Python\Python313\Lib\site-packages\starlette\middleware\exceptions.py", line 63, in __call__
    |     await wrap_app_handling_exceptions(self.app, conn)(scope, receive, send)
    |   File "C:\Users\miche\AppData\Local\Programs\Python\Python313\Lib\site-packages\starlette\_exception_handler.py", line 53, in wrapped_app
    |     raise exc
    |   File "C:\Users\miche\AppData\Local\Programs\Python\Python313\Lib\site-packages\starlette\_exception_handler.py", line 42, in wrapped_app
    |     await app(scope, receive, sender)
    |   File "C:\Users\miche\AppData\Local\Programs\Python\Python313\Lib\site-packages\fastapi\middleware\asyncexitstack.py", line 18, in __call__
    |     await self.app(scope, receive, send)
    |   File "C:\Users\miche\AppData\Local\Programs\Python\Python313\Lib\site-packages\starlette\routing.py", line 670, in __call__
    |     await self.middleware_stack(scope, receive, send)
    |   File "C:\Users\miche\AppData\Local\Programs\Python\Python313\Lib\site-packages\fastapi\routing.py", line 2734, in app
    |     await route.handle(scope, receive, send)
    |   File "C:\Users\miche\AppData\Local\Programs\Python\Python313\Lib\site-packages\fastapi\routing.py", line 1281, in handle
    |     await super().handle(scope, receive, send)
    |   File "C:\Users\miche\AppData\Local\Programs\Python\Python313\Lib\site-packages\starlette\routing.py", line 280, in handle
    |     await self.app(scope, receive, send)
    |   File "C:\Users\miche\AppData\Local\Programs\Python\Python313\Lib\site-packages\fastapi\routing.py", line 158, in app
    |     await wrap_app_handling_exceptions(app, request)(scope, receive, send)
    |   File "C:\Users\miche\AppData\Local\Programs\Python\Python313\Lib\site-packages\starlette\_exception_handler.py", line 53, in wrapped_app
    |     raise exc
    |   File "C:\Users\miche\AppData\Local\Programs\Python\Python313\Lib\site-packages\starlette\_exception_handler.py", line 42, in wrapped_app
    |     await app(scope, receive, sender)
    |   File "C:\Users\miche\AppData\Local\Programs\Python\Python313\Lib\site-packages\fastapi\routing.py", line 144, in app
    |     response = await f(request)
    |                ^^^^^^^^^^^^^^^^
    |   File "C:\Users\miche\AppData\Local\Programs\Python\Python313\Lib\site-packages\fastapi\routing.py", line 706, in app
    |     raw_response = await run_endpoint_function(
    |                    ^^^^^^^^^^^^^^^^^^^^^^^^^^^^
    |     ...<3 lines>...
    |     )
    |     ^
    |   File "C:\Users\miche\AppData\Local\Programs\Python\Python313\Lib\site-packages\fastapi\routing.py", line 352, in run_endpoint_function
    |     return await dependant.call(**values)
    |            ^^^^^^^^^^^^^^^^^^^^^^^^^^^^^^
    |   File "C:\Users\miche\AppData\Local\Programs\Python\Python313\Lib\site-packages\nicegui\page.py", line 173, in decorated
    |     return create_500_error_page(e, request)
    |   File "C:\Users\miche\AppData\Local\Programs\Python\Python313\Lib\site-packages\nicegui\page.py", line 142, in create_500_error_page
    |     raise e
    |   File "C:\Users\miche\AppData\Local\Programs\Python\Python313\Lib\site-packages\nicegui\page.py", line 171, in decorated
    |     result = func(*dec_args, **dec_kwargs)
    |   File "C:\Users\miche\Downloads\SRM_Estudiantes\SRM_completo\app.py", line 265, in alumnos_page
    |     if guard(): alumnos_view()
    |                 ~~~~~~~~~~~~^^
    |   File "C:\Users\miche\Downloads\SRM_Estudiantes\SRM_completo\app.py", line 175, in alumnos_view
    |     buscador = ui.input("Buscar por DNI, nombre o apellido", icon="search").classes("w-full mt-4")
    |                ~~~~~~~~^^^^^^^^^^^^^^^^^^^^^^^^^^^^^^^^^^^^^^^^^^^^^^^^^^^^
    |   File "C:\Users\miche\AppData\Local\Programs\Python\Python313\Lib\site-packages\nicegui\defaults.py", line 55, in decorated
    |     bound = signature.bind(*args, **kwargs)
    |   File "C:\Users\miche\AppData\Local\Programs\Python\Python313\Lib\inspect.py", line 3295, in bind
    |     return self._bind(args, kwargs)
    |            ~~~~~~~~~~^^^^^^^^^^^^^^
    |   File "C:\Users\miche\AppData\Local\Programs\Python\Python313\Lib\inspect.py", line 3284, in _bind
    |     raise TypeError(
    |         'got an unexpected keyword argument {arg!r}'.format(
    |             arg=next(iter(kwargs))))
    | TypeError: got an unexpected keyword argument 'icon'
    +------------------------------------

The above exception was the direct cause of the following exception:

Traceback (most recent call last):
  File "C:\Users\miche\AppData\Local\Programs\Python\Python313\Lib\site-packages\uvicorn\protocols\http\httptools_impl.py", line 422, in run_asgi
    result = await app(  # type: ignore[func-returns-value]
             ^^^^^^^^^^^^^^^^^^^^^^^^^^^^^^^^^^^^^^^^^^^^^^
        self.scope, self.receive, self.send
        ^^^^^^^^^^^^^^^^^^^^^^^^^^^^^^^^^^^
    )
    ^
  File "C:\Users\miche\AppData\Local\Programs\Python\Python313\Lib\site-packages\uvicorn\middleware\proxy_headers.py", line 63, in __call__
    return await self.app(scope, receive, send)
           ^^^^^^^^^^^^^^^^^^^^^^^^^^^^^^^^^^^^
  File "C:\Users\miche\AppData\Local\Programs\Python\Python313\Lib\site-packages\fastapi\applications.py", line 1163, in __call__
    await super().__call__(scope, receive, send)
  File "C:\Users\miche\AppData\Local\Programs\Python\Python313\Lib\site-packages\starlette\applications.py", line 96, in __call__
    await self.middleware_stack(scope, receive, send)
  File "C:\Users\miche\AppData\Local\Programs\Python\Python313\Lib\site-packages\starlette\middleware\errors.py", line 186, in __call__
    raise exc
  File "C:\Users\miche\AppData\Local\Programs\Python\Python313\Lib\site-packages\starlette\middleware\errors.py", line 164, in __call__
    await self.app(scope, receive, _send)
  File "C:\Users\miche\AppData\Local\Programs\Python\Python313\Lib\site-packages\starlette\middleware\sessions.py", line 88, in __call__
    await self.app(scope, receive, send_wrapper)
  File "C:\Users\miche\AppData\Local\Programs\Python\Python313\Lib\site-packages\starlette\middleware\base.py", line 193, in __call__
    response = await self.dispatch_func(request, call_next)
               ^^^^^^^^^^^^^^^^^^^^^^^^^^^^^^^^^^^^^^^^^^^^
  File "C:\Users\miche\AppData\Local\Programs\Python\Python313\Lib\site-packages\nicegui\storage.py", line 44, in dispatch
    response = await call_next(request)
               ^^^^^^^^^^^^^^^^^^^^^^^^
  File "C:\Users\miche\AppData\Local\Programs\Python\Python313\Lib\site-packages\starlette\middleware\base.py", line 168, in call_next
    raise app_exc from app_exc.__cause__ or app_exc.__context__
  File "C:\Users\miche\AppData\Local\Programs\Python\Python313\Lib\site-packages\starlette\middleware\base.py", line 144, in coro
    await self.app(scope, receive_or_disconnect, send_no_error)
  File "C:\Users\miche\AppData\Local\Programs\Python\Python313\Lib\site-packages\starlette\middleware\base.py", line 193, in __call__
    response = await self.dispatch_func(request, call_next)
               ^^^^^^^^^^^^^^^^^^^^^^^^^^^^^^^^^^^^^^^^^^^^
  File "C:\Users\miche\AppData\Local\Programs\Python\Python313\Lib\site-packages\nicegui\middlewares.py", line 23, in dispatch
    response = await call_next(request)
               ^^^^^^^^^^^^^^^^^^^^^^^^
  File "C:\Users\miche\AppData\Local\Programs\Python\Python313\Lib\site-packages\starlette\middleware\base.py", line 168, in call_next
    raise app_exc from app_exc.__cause__ or app_exc.__context__
  File "C:\Users\miche\AppData\Local\Programs\Python\Python313\Lib\site-packages\starlette\middleware\base.py", line 144, in coro
    await self.app(scope, receive_or_disconnect, send_no_error)
  File "C:\Users\miche\AppData\Local\Programs\Python\Python313\Lib\site-packages\starlette\middleware\base.py", line 193, in __call__
    response = await self.dispatch_func(request, call_next)
               ^^^^^^^^^^^^^^^^^^^^^^^^^^^^^^^^^^^^^^^^^^^^
  File "C:\Users\miche\AppData\Local\Programs\Python\Python313\Lib\site-packages\nicegui\middlewares.py", line 13, in dispatch
    response = await call_next(request)
               ^^^^^^^^^^^^^^^^^^^^^^^^
  File "C:\Users\miche\AppData\Local\Programs\Python\Python313\Lib\site-packages\starlette\middleware\base.py", line 168, in call_next
    raise app_exc from app_exc.__cause__ or app_exc.__context__
  File "C:\Users\miche\AppData\Local\Programs\Python\Python313\Lib\site-packages\starlette\middleware\base.py", line 144, in coro
    await self.app(scope, receive_or_disconnect, send_no_error)
  File "C:\Users\miche\AppData\Local\Programs\Python\Python313\Lib\site-packages\starlette\middleware\gzip.py", line 78, in __call__
    await responder(scope, receive, send)
  File "C:\Users\miche\AppData\Local\Programs\Python\Python313\Lib\site-packages\starlette\middleware\gzip.py", line 103, in __call__
    await self.app(scope, receive, self.send_with_compression)
  File "C:\Users\miche\AppData\Local\Programs\Python\Python313\Lib\site-packages\starlette\middleware\exceptions.py", line 63, in __call__
    await wrap_app_handling_exceptions(self.app, conn)(scope, receive, send)
  File "C:\Users\miche\AppData\Local\Programs\Python\Python313\Lib\site-packages\starlette\_exception_handler.py", line 53, in wrapped_app
    raise exc
  File "C:\Users\miche\AppData\Local\Programs\Python\Python313\Lib\site-packages\starlette\_exception_handler.py", line 42, in wrapped_app
    await app(scope, receive, sender)
  File "C:\Users\miche\AppData\Local\Programs\Python\Python313\Lib\site-packages\fastapi\middleware\asyncexitstack.py", line 18, in __call__
    await self.app(scope, receive, send)
  File "C:\Users\miche\AppData\Local\Programs\Python\Python313\Lib\site-packages\starlette\routing.py", line 670, in __call__
    await self.middleware_stack(scope, receive, send)
  File "C:\Users\miche\AppData\Local\Programs\Python\Python313\Lib\site-packages\fastapi\routing.py", line 2734, in app
    await route.handle(scope, receive, send)
  File "C:\Users\miche\AppData\Local\Programs\Python\Python313\Lib\site-packages\fastapi\routing.py", line 1281, in handle
    await super().handle(scope, receive, send)
  File "C:\Users\miche\AppData\Local\Programs\Python\Python313\Lib\site-packages\starlette\routing.py", line 280, in handle
    await self.app(scope, receive, send)
  File "C:\Users\miche\AppData\Local\Programs\Python\Python313\Lib\site-packages\fastapi\routing.py", line 158, in app
    await wrap_app_handling_exceptions(app, request)(scope, receive, send)
  File "C:\Users\miche\AppData\Local\Programs\Python\Python313\Lib\site-packages\starlette\_exception_handler.py", line 53, in wrapped_app
    raise exc
  File "C:\Users\miche\AppData\Local\Programs\Python\Python313\Lib\site-packages\starlette\_exception_handler.py", line 42, in wrapped_app
    await app(scope, receive, sender)
  File "C:\Users\miche\AppData\Local\Programs\Python\Python313\Lib\site-packages\fastapi\routing.py", line 144, in app
    response = await f(request)
               ^^^^^^^^^^^^^^^^
  File "C:\Users\miche\AppData\Local\Programs\Python\Python313\Lib\site-packages\fastapi\routing.py", line 706, in app
    raw_response = await run_endpoint_function(
                   ^^^^^^^^^^^^^^^^^^^^^^^^^^^^
    ...<3 lines>...
    )
    ^
  File "C:\Users\miche\AppData\Local\Programs\Python\Python313\Lib\site-packages\fastapi\routing.py", line 352, in run_endpoint_function
    return await dependant.call(**values)
           ^^^^^^^^^^^^^^^^^^^^^^^^^^^^^^
  File "C:\Users\miche\AppData\Local\Programs\Python\Python313\Lib\site-packages\nicegui\page.py", line 173, in decorated
    return create_500_error_page(e, request)
  File "C:\Users\miche\AppData\Local\Programs\Python\Python313\Lib\site-packages\nicegui\page.py", line 142, in create_500_error_page
    raise e
  File "C:\Users\miche\AppData\Local\Programs\Python\Python313\Lib\site-packages\nicegui\page.py", line 171, in decorated
    result = func(*dec_args, **dec_kwargs)
  File "C:\Users\miche\Downloads\SRM_Estudiantes\SRM_completo\app.py", line 265, in alumnos_page
    if guard(): alumnos_view()
                ~~~~~~~~~~~~^^
  File "C:\Users\miche\Downloads\SRM_Estudiantes\SRM_completo\app.py", line 175, in alumnos_view
    buscador = ui.input("Buscar por DNI, nombre o apellido", icon="search").classes("w-full mt-4")
               ~~~~~~~~^^^^^^^^^^^^^^^^^^^^^^^^^^^^^^^^^^^^^^^^^^^^^^^^^^^^
  File "C:\Users\miche\AppData\Local\Programs\Python\Python313\Lib\site-packages\nicegui\defaults.py", line 55, in decorated
    bound = signature.bind(*args, **kwargs)
  File "C:\Users\miche\AppData\Local\Programs\Python\Python313\Lib\inspect.py", line 3295, in bind
    return self._bind(args, kwargs)
           ~~~~~~~~~~^^^^^^^^^^^^^^
  File "C:\Users\miche\AppData\Local\Programs\Python\Python313\Lib\inspect.py", line 3284, in _bind
    raise TypeError(
        'got an unexpected keyword argument {arg!r}'.format(
            arg=next(iter(kwargs))))
TypeError: got an unexpected keyword argument 'icon'
